Git add - 
Git commit 
Git push


micha@LAPTOP-QVG98FLG MINGW64 ~/Desktop/ForDaniel (master)
$ git status
On branch master

No commits yet

Untracked files:
  (use "git add <file>..." to include in what will be committed)
        Give me an extenstion.txt

nothing added to commit but untracked files present (use "git add" to track)

micha@LAPTOP-QVG98FLG MINGW64 ~/Desktop/ForDaniel (master)
$ git add .

micha@LAPTOP-QVG98FLG MINGW64 ~/Desktop/ForDaniel (master)
$ git status
On branch master

No commits yet

Changes to be committed:
  (use "git rm --cached <file>..." to unstage)
        new file:   Give me an extenstion.txt


micha@LAPTOP-QVG98FLG MINGW64 ~/Desktop/ForDaniel (master)
$ git commit -m
error: switch `m' requires a value

micha@LAPTOP-QVG98FLG MINGW64 ~/Desktop/ForDaniel (master)
$ git commit -m"give me an extension"
[master (root-commit) 740d92f] give me an extension
 1 file changed, 1 insertion(+)
 create mode 100644 Give me an extenstion.txt

micha@LAPTOP-QVG98FLG MINGW64 ~/Desktop/ForDaniel (master)
$ git status
On branch master
Your branch is based on 'origin/master', but the upstream is gone.
  (use "git branch --unset-upstream" to fixup)

nothing to commit, working tree clean

micha@LAPTOP-QVG98FLG MINGW64 ~/Desktop/ForDaniel (master)
$ git pull
Your configuration specifies to merge with the ref 'refs/heads/master'
from the remote, but no such ref was fetched.

micha@LAPTOP-QVG98FLG MINGW64 ~/Desktop/ForDaniel (master)
$ git push
8Enumerating objects: 3, done.
Counting objects: 100% (3/3), done.
Delta compression using up to 8 threads
Compressing objects: 100% (2/2), done.
Writing objects: 100% (3/3), 260 bytes | 130.00 KiB/s, done.
Total 3 (delta 0), reused 0 (delta 0)
To https://github.com/MichaelRiina/ForDaniel.git
 * [new branch]      master -> master

micha@LAPTOP-QVG98FLG MINGW64 ~/Desktop/ForDaniel (master)
$ ^C

mich